============================= test session starts =============================
platform win32 -- Python 3.14.2, pytest-9.0.2, pluggy-1.6.0
rootdir: B:\Open_Source\soul_sence_Exam\SOUL_SENSE_EXAM
configfile: pytest.ini
testpaths: tests
collected 20 items / 2 errors

=================================== ERRORS ====================================
____________________ ERROR collecting tests/test_models.py ____________________
ImportError while importing test module 'B:\Open_Source\soul_sence_Exam\SOUL_SENSE_EXAM\tests\test_models.py'.
Hint: make sure your test modules/packages have valid Python names.
Traceback:
C:\Python314\Lib\importlib\__init__.py:88: in import_module
    return _bootstrap._gcd_import(name[level:], package, level)
           ^^^^^^^^^^^^^^^^^^^^^^^^^^^^^^^^^^^^^^^^^^^^^^^^^^^^
tests\test_models.py:1: in <module>
    from app.models import (
E   ImportError: cannot import name 'ensure_scores_schema' from 'app.models' (B:\Open_Source\soul_sence_Exam\SOUL_SENSE_EXAM\app\models.py)
__________________ ERROR collecting tests/test_questions.py ___________________
ImportError while importing test module 'B:\Open_Source\soul_sence_Exam\SOUL_SENSE_EXAM\tests\test_questions.py'.
Hint: make sure your test modules/packages have valid Python names.
Traceback:
C:\Python314\Lib\importlib\__init__.py:88: in import_module
    return _bootstrap._gcd_import(name[level:], package, level)
           ^^^^^^^^^^^^^^^^^^^^^^^^^^^^^^^^^^^^^^^^^^^^^^^^^^^^
tests\test_questions.py:3: in <module>
    from app.models import ensure_question_bank_schema
E   ImportError: cannot import name 'ensure_question_bank_schema' from 'app.models' (B:\Open_Source\soul_sence_Exam\SOUL_SENSE_EXAM\app\models.py)
=========================== short test summary info ===========================
ERROR tests/test_models.py
ERROR tests/test_questions.py
!!!!!!!!!!!!!!!!!!! Interrupted: 2 errors during collection !!!!!!!!!!!!!!!!!!!
============================== 2 errors in 2.76s ==============================
